// Jest Snapshot v1, https://goo.gl/fbAQLP

exports[`DarkButton component snapshot renders 1`] = `<div />`;

exports[`DarkButton component snapshot renders 2`] = `<div />`;
